3^2 = 9
128^0 = 1
128^1 = 128
3^2 = 9
0
1
3
[; 21; 42]
arr[0] 21
arr[1] 42
sizeof int 4
sizeof FILE* 8
[; [; 0; 1; 1]; [; 2; 3; 5]]
arr2[0][0] = 0
arr2[0][1] = 1
arr2[0][2] = 1
arr2[1][0] = 2
arr2[1][1] = 3
arr2[1][2] = 5
myInt = 319
"hello, world"
"hi, again"
Green
Red
Green
Blue
{; x = 42; y = #"z"; z = 255}
{; a = 11; b = 3735928559}
{; x = 24; y = #"a"; z = 255}
#"a"
Left #"a"
Some #"z"
Some #"z"
flips: 5
1,3,2,4,5,
